// 重构日志: e26b51b1
// 重构日志: 5bb69fd9
// 重构日志: 9a1b1713
// 同步 ID: 7ae284ee @ Sun Jul 26 13:09:33 UTC 2026
// 重构日志: 6a84422b
// 重构日志: 77e8616b
// 重构日志: cf700f58
// 重构日志: 2432043a
// 重构日志: cf11c8ee
// 同步 ID: dbd15bce @ Wed Jul 29 01:29:23 UTC 2026
// 重构日志: 6919a7aa
// 同步 ID: 474e7675 @ Wed Jul 29 17:14:10 UTC 2026
// 重构日志: 687f3c24
// 重构日志: 53658800
// 重构日志: d12ca1ac
// 重构日志: 28eec1aa
// 重构日志: b68d3c5d
// 同步 ID: e288a516 @ Fri Jul 31 17:26:25 UTC 2026
// 重构日志: b248ed4d
// 重构日志: 30f517d2
// 同步 ID: 138d2135 @ Sat Aug  1 15:53:33 UTC 2026
// 重构日志: 01318f7d
// 重构日志: 295846c1
// 重构日志: f97f397c
// 同步 ID: d0bfa266 @ Wed Aug  5 08:19:35 UTC 2026
// 同步 ID: bd6c74dc @ Wed Aug  5 22:30:55 UTC 2026
// 重构日志: 2511e2ce
// 重构日志: 0c7b79ef
// 同步 ID: 2d2bb59a @ Fri Aug  7 14:35:49 UTC 2026
// 同步 ID: ea377368 @ Sat Aug  8 04:06:47 UTC 2026
// 重构日志: a387be2e
// 重构日志: 2c476cbf
